I1
I2
I3
J1
J2
K1
K2
K3
L1
L2
M1
M2
M3
N1
N2
O
P1
P2
P3
Q1
Q2
R1
R2
R3
S1
S2
T1
T2
T3
U1
U2
T1
T2
T3
K1
K2
K3
O
P1
P2
P3
Q1
Q2
R1
R2
R3
J1
J2
O
P1
P2
P3
Q1
Q2
R1
R2
R3
S1
S2
I1
I2
I3
O
P1
P2
P3
Q1
Q2
R1
R2
R3
S1
S2
T1
T2
T3
U1
U2
V
W
X
E
C
S1
S2
T1
T2
T3
U1
U2
V
W
X
C
K2
K3
O
P1
P2
P3
Q1
Q2
R1
R2
R3
S1
S2
T1
T2
T3
U1
U2
V
W
X
C
T1
T2
T3
U1
U2
V
W
X
C
R1
R2
R3
S1
S2
T1
T2
T3
U1
U2
V
W
X
C
L1
L2
O
P1
P2
P3
Q1
Q2
R1
R2
R3
S1
S2
T1
T2
T3
U1
U2
V
W
X
C
Q1
Q2
R1
R2
R3
S1
S2
T1
T2
T3
U1
U2
V
W
X
C
N1
N2
O
P1
P2
P3
Q1
Q2
R1
R2
R3
S1
S2
T1
T2
T3
U1
U2
V
W
X
C
T2
T3
U1
U2
V
W
X
C
P1
P2
P3
Q1
Q2
R1
R2
R3
S1
S2
T1
T2
T3
U1
U2
V
W
X
C
N2
O
P1
P2
P3
Q1
Q2
R1
R2
R3
S1
S2
T1
T2
T3
U1
U2
V
W
X
C
M1
M2
M3
O
P1
P2
P3
Q1
Q2
R1
R2
R3
S1
S2
T1
T2
T3
U1
U2
V
W
X
C
U1
U2
V
W
X
C
E
C
